// Jest Snapshot v1, https://goo.gl/fbAQLP

exports[`AppComponent should make match with snapshot' 1`] = `
<div
  id="root2"
>
  <router-outlet />
  
  <ngx-loading />
</div>
`;
