// Jest Snapshot v1, https://goo.gl/fbAQLP

exports[`SearchInputComponent should make match with snapshot' 1`] = `
<div
  id="root1"
>
  <input
    class="input"
    placeholder="Search tracks"
    type="text"
  />
</div>
`;
